// Jest Snapshot v1, https://goo.gl/fbAQLP

exports[`Test if Overgang Puzzel component is rendered 1`] = `
Array [
  <section
    className="container__intro-oplosMatrix"
  >
    <div
      className="circle-matrix"
      id="circle-matrix"
      onClick={[Function]}
    />
    <section
      className="container__gameplay-matrix"
      id="container__gameplay-matrix"
    >
      <div
        className="container__astronaut"
      >
        <div
          className="astronaut"
        >
          <img
            alt="astronaut"
            className="astronaut__image"
            src="character1_standard_mouthclosed.svg"
          />
        </div>
        <div
          className="textcloud"
        >
          <img
            alt="tekst balloon"
            className="textcloud__image"
            src="textcloud.png"
          />
          <div
            className="textcloud__field"
          >
            <p
              className="textcloud__text"
            >
              Ahh null en null wat goed dat ik jullie hier tegen kom!
            </p>
            <svg
              className="continue"
              fill="currentColor"
              height="1em"
              onClick={[Function]}
              stroke="currentColor"
              strokeWidth="0"
              style={
                Object {
                  "color": undefined,
                }
              }
              viewBox="0 0 256 512"
              width="1em"
              xmlns="http://www.w3.org/2000/svg"
            >
              <path
                d="M224.3 273l-136 136c-9.4 9.4-24.6 9.4-33.9 0l-22.6-22.6c-9.4-9.4-9.4-24.6 0-33.9l96.4-96.4-96.4-96.4c-9.4-9.4-9.4-24.6 0-33.9L54.3 103c9.4-9.4 24.6-9.4 33.9 0l136 136c9.5 9.4 9.5 24.6.1 34z"
              />
            </svg>
          </div>
        </div>
      </div>
    </section>
  </section>,
  ",",
]
`;
